SPRINT TABLE *** PIT STOP ***

592/598 left, 1% done -> ~11840m

stream                    | waiting | ready | working | review | merging | landed
--------------------------+---------+-------+---------+--------+---------+-------
swarm: cards              |     150 |     5 |       6 |      3 |       0 |      0
nova-sprint + merge + bus |     310 |     6 |       0 |      2 |       1 |      2
nova sprint migration     |      14 |     0 |       0 |      0 |       0 |      0
fleet, ci, secrets, jev   |       0 |     0 |       2 |      2 |       0 |      1
redis: store + bus        |      81 |     0 |       0 |      0 |       0 |      0
landing: streams + lander |       3 |     0 |       0 |      0 |       2 |      0
rowan-tools               |       1 |     0 |       0 |      0 |       0 |      3
harvest                   |       0 |     4 |       0 |      0 |       0 |      0
--------------------------+---------+-------+---------+--------+---------+-------
total                     |     559 |    15 |       8 |      7 |       3 |      6

consumer                  | ready | working |  done |  ok% | status | load
--------------------------+-------+---------+-------+------+--------+------
rowan                     |     0 |      12 |    14 |  71% | up     | 3.00
johnny                    |     2 |       0 |     3 | 100% | down   | 3.00
emma                      |     1 |       4 |     5 |  80% | up     | 3.00
stella                    |     0 |       1 |     5 | 100% | down   | 3.00
batman                    |     0 |       0 |     1 | 100% | up     | 0.89
hetzner                   |     2 |       3 |     5 |  80% | up     | 0.19
hulk                      |     7 |       0 |     3 | 100% | up     | 0.40
space                     |     1 |       4 |     4 |  50% | up     | 1.04
superman                  |     0 |       1 |     2 |  50% | up     | 1.02
vision                    |     0 |       0 |     1 | 100% | up     | 0.72
--------------------------+-------+---------+-------+------+--------+------
total                     |    13 |      25 |    43 |  79% |
