SPRINT TABLE
sprint: 4967/5299 93% -> ~44m

host       | ready | working |  done |    ok |  fail |  ok% |   load
-----------+-------+---------+-------+-------+-------+------+-------
batman     |     0 |       0 |    76 |    75 |     1 |  98% |   6.61
hetzner    |     1 |       0 |   318 |   311 |     7 |  97% |   1.83
hulk       |     1 |       0 |    12 |     5 |     7 |  41% |  40.95
spacegame  |     0 |       0 |    14 |     2 |    12 |  14% |  15.51
superman   |     0 |       0 |   103 |    97 |     6 |  94% |  11.20
vision     |     1 |       0 |    14 |     5 |     9 |  35% |  33.99
-----------+-------+---------+-------+-------+-------+------+-------
total      |     3 |       0 |   537 |   495 |    42 |  92% |
pool: 0 undealt


friend     | ready | working |  done | status    
-----------+-------+---------+-------+------------
rowan      |    14 |      30 |  2532 | up        
johnny     |     1 |       0 |   446 | down      
emma       |     1 |       0 |   283 | down      
stella     |    59 |      26 |  1674 | up        
-----------+-------+---------+-------+------------
total      |    75 |      56 |  4935 |
