SPRINT TABLE *** PIT STOP ***

585/591 left, 1% done -> ~11700m

stream                         | waiting | ready | working | merging | landed
-------------------------------+---------+-------+---------+---------+-------
swarm: cards                   |     150 |     5 |       6 |     0/0 |      0
nova-sprint + merge + bus      |     310 |     6 |       0 |     0/1 |      2
nova sprint migration          |      14 |     0 |       0 |     0/0 |      0
fleet, ci, secrets, jev        |       0 |     0 |       2 |     0/0 |      1
redis: store + bus             |      81 |     0 |       0 |     0/0 |      0
landing: streams + lander      |       3 |     0 |       0 |     0/2 |      0
rowan-tools                    |       1 |     0 |       0 |     0/0 |      3
harvest                        |       0 |     4 |       0 |     0/0 |      0
-------------------------------+---------+-------+---------+---------+-------
total                          |     559 |    15 |       8 |     0/3 |      6

friend     | ready | working |  done | status    
-----------+-------+---------+-------+------------
rowan      |     0 |      12 |     4 | up        
johnny     |     2 |       0 |     3 | down      
emma       |     1 |       4 |     0 | up        
stella     |     0 |       1 |     5 | down      
-----------+-------+---------+-------+------------
total      |     3 |      17 |    12 |

host       | ready | working |  done |    ok |  fail |  ok% |   load
-----------+-------+---------+-------+-------+-------+------+-------
batman     |     0 |       0 |     - |     - |     - |    - |   0.89
hetzner    |     2 |       3 |     - |     - |     - |    - |   0.19
hulk       |     7 |       0 |     - |     - |     - |    - |   0.40
space      |     1 |       4 |     - |     - |     - |    - |   1.04
superman   |     0 |       1 |     - |     - |     - |    - |   1.02
vision     |     0 |       0 |     - |     - |     - |    - |   0.72
-----------+-------+---------+-------+-------+-------+------+-------
total      |    10 |       8 |     - |     - |     - |    - |
