SPRINT TABLE
blocked: 99
landed: 193/666 28% -> ~21h
sprint: 4644/4918 94% -> ~61m

host       | ready | working |  done |    ok |  fail |  ok% |   load
-----------+-------+---------+-------+-------+-------+------+-------
batman     |     0 |       0 |    76 |    75 |     1 |  98% |  13.61
hetzner    |     0 |       0 |   318 |   311 |     7 |  97% |   1.62
hulk       |     0 |       0 |    12 |     5 |     7 |  41% |   2.16
spacegame  |     0 |       0 |    16 |     4 |    12 |  25% |   0.61
superman   |     0 |       0 |   103 |    97 |     6 |  94% |  16.20
vision     |     0 |       0 |    15 |     6 |     9 |  40% |   2.44
-----------+-------+---------+-------+-------+-------+------+-------
total      |     0 |       0 |   540 |   498 |    42 |  92% |
pool: 0 undealt


friend     | ready | working |  done | status    
-----------+-------+---------+-------+------------
rowan      |    13 |      26 |  2328 | up        
johnny     |     0 |       0 |   446 | down      
emma       |     0 |       0 |   283 | down      
stella     |    87 |      21 |  1553 | up        
-----------+-------+---------+-------+------------
total      |   100 |      47 |  4610 |
