2030-01-02 03:04:05 UTC

SPRINT TABLE

0/3 0.0% -> ETA

work | waiting | ready | working | review | merging | landed
-----+---------+-------+---------+--------+---------+-------
s1   |       0 |     0 |       2 |      0 |       1 |      0
-----+---------+-------+---------+--------+---------+-------
     |       0 |     0 |       2 |      0 |       1 |      0

readers  | asked | reading | ok | broken
---------+-------+---------+----+-------
reader-a |     0 |       0 |  1 |      0
reader-b |     0 |       0 |  1 |      0
---------+-------+---------+----+-------
         |     0 |       0 |  2 |      0

merge | queued | merged | stuck | ci | state
------+--------+--------+-------+----+--------
s1    |      1 |      0 |     0 | -  | waiting
------+--------+--------+-------+----+--------
      |      1 |      0 |     0 |    |

fleet | ready | working | width | done | ok%    | status | load
------+-------+---------+-------+------+--------+--------+-----
m1    |     1 |       0 | 64    |    1 | 100.0% | up     | 0.0%
m2    |     1 |       0 | 64    |    0 | 0.0%   | up     | 0.0%
------+-------+---------+-------+------+--------+--------+-----
      |     2 |       0 |       |    1 | 100.0% |        |
