SPRINT TABLE

0/3 0.0% -> ETA

work | waiting | ready | working | review | merging | landed | cost
-----+---------+-------+---------+--------+---------+--------+-----
s1   |       0 |     0 |       2 |      0 |       1 |      0 |    -
s2   |       0 |     0 |       0 |      0 |       0 |      0 |    -
-----+---------+-------+---------+--------+---------+--------+-----
     |       0 |     0 |       2 |      0 |       1 |      0 |    -

readers | asked | reading | ok | broken
--------+-------+---------+----+-------
all     |     0 |       0 |  2 |      0

merge | queued | merged | stuck | ci | state
------+--------+--------+-------+----+--------
all   |      1 |      0 |     0 | -  | merging

fleet | ready | working | width | done | ok%    | status | load
------+-------+---------+-------+------+--------+--------+-----
m1    |     1 |       0 |    64 |    1 | 100.0% | up     | 0.0%
m2    |     1 |       0 |    64 |    0 | 0.0%   | up     | 0.0%
------+-------+---------+-------+------+--------+--------+-----
      |     2 |       0 |   128 |    1 | 100.0% |        |
