[HSPRINT TABLE  coordinator coordinator[K
[K
0/3 0.0% -> ETA[K
[K
work | waiting | ready | working | review | merging | landed | cost[K
-----+---------+-------+---------+--------+---------+--------+-----[K
s1   |       0 |     0 |       2 |      0 |       1 |      0 |    -[K
s2   |       0 |     0 |       0 |      0 |       0 |      0 |    -[K
-----+---------+-------+---------+--------+---------+--------+-----[K
     |       0 |     0 |       2 |      0 |       1 |      0 |    -[K
[K
readers | asked | reading | ok | broken[K
--------+-------+---------+----+-------[K
        |     0 |       0 |  2 |      0[K
[K
merge | queued | merged | stuck | ci | state[K
------+--------+--------+-------+----+--------[K
      |      1 |      0 |     0 | -  | merging[K
[K
friends | ready | working | width | done | ok%  | status[K
--------+-------+---------+-------+------+------+-------[K
        |     0 |       0 |     0 |    0 | 0.0% |[K
[K
fleet | ready | working | width | done | ok%    | status | load[K
------+-------+---------+-------+------+--------+--------+-----[K
m1    |     1 |       0 |    64 |    1 | 100.0% | up     | 0.0%[K
m2    |     1 |       0 |    64 |    0 | 0.0%   | up     | 0.0%[K
------+-------+---------+-------+------+--------+--------+-----[K
      |     2 |       0 |   128 |    1 | 100.0% |        |[K[J