PICK kind=rebase effort=haiku model=claude-haiku-5-1 version=1 conf=- source=table
PICK kind=stack effort=haiku model=claude-haiku-5-1 version=1 conf=- source=table
PICK kind=fixture-retarget effort=haiku model=claude-haiku-5-1 version=1 conf=- source=table
PICK kind=fleet-chore effort=haiku model=claude-haiku-5-1 version=1 conf=- source=table
PICK kind=dogfood effort=haiku model=claude-haiku-5-1 version=1 conf=- source=table
PICK kind=transcript-test effort=haiku model=claude-haiku-5-1 version=1 conf=- source=table
PICK kind=row-test effort=haiku model=claude-haiku-5-1 version=1 conf=- source=table
PICK kind=fix-with-red-test effort=sonnet model=claude-sonnet-5 version=1 conf=- source=table
PICK kind=new-verb effort=sonnet model=claude-sonnet-5 version=1 conf=- source=table
PICK kind=spec effort=opus model=claude-opus-5-5 version=1 conf=- source=table
PICK kind=design effort=fable model=claude-fable-5-1 version=1 conf=- source=table
PICK kind=guard effort=opus model=claude-opus-5-5 version=1 conf=- source=table
PICK kind=cause-to-find effort=sonnet model=claude-sonnet-5 version=1 conf=- source=table
PICK kind=rebase effort=haiku model=claude-haiku-5-1 version=1 conf=- source=table
PICK kind=stack effort=haiku model=claude-haiku-5-1 version=1 conf=- source=table
PICK kind=fixture-retarget effort=haiku model=claude-haiku-5-1 version=1 conf=- source=table
PICK kind=fleet-chore effort=haiku model=claude-haiku-5-1 version=1 conf=- source=table
PICK kind=dogfood effort=haiku model=claude-haiku-5-1 version=1 conf=- source=table
PICK kind=transcript-test effort=haiku model=claude-haiku-5-1 version=1 conf=- source=table
PICK kind=row-test effort=haiku model=claude-haiku-5-1 version=1 conf=- source=table
PICK kind=fix-with-red-test effort=sonnet model=claude-sonnet-5 version=1 conf=- source=table
PICK kind=new-verb effort=sonnet model=claude-sonnet-5 version=1 conf=- source=table
PICK kind=spec effort=opus model=claude-opus-5-5 version=1 conf=- source=table
PICK kind=design effort=fable model=claude-fable-5-1 version=1 conf=- source=table
PICK kind=guard effort=opus model=claude-opus-5-5 version=1 conf=- source=table
PICK kind=cause-to-find effort=sonnet model=claude-sonnet-5 version=1 conf=- source=table
PICK kind=rebase effort=haiku model=claude-haiku-5-1 version=1 conf=- source=table
PICK kind=stack effort=haiku model=claude-haiku-5-1 version=1 conf=- source=table
PICK kind=fixture-retarget effort=haiku model=claude-haiku-5-1 version=1 conf=- source=table
PICK kind=fleet-chore effort=haiku model=claude-haiku-5-1 version=1 conf=- source=table
PICK TOTAL kinds=30 version=1
